<?xml version="1.0" encoding="UTF-8"?>
<testsuite name="rspec" tests="19" skipped="0" failures="0" errors="0" time="0.143141" timestamp="2020-07-21T21:09:54+00:00" hostname="chart-url-table-docker">
<properties>
<property name="seed" value="25341"/>
</properties>
<testcase classname="spec.chart_url_table_spec" name="ChartUrlTable should process url" file="./spec/chart_url_table_spec.rb" time="0.004195"></testcase>
<testcase classname="spec.graph.graph_image_spec" name="GraphImage converts arrays into columns" file="./spec/graph/graph_image_spec.rb" time="0.000568"></testcase>
<testcase classname="spec.main_spec" name="Main prints output" file="./spec/main_spec.rb" time="0.121072"></testcase>
<testcase classname="spec.model.column_spec" name="Column should report as not numeric column if mix of numbers and strings" file="./spec/model/column_spec.rb" time="0.000437"></testcase>
<testcase classname="spec.model.column_spec" name="Column should report as not numeric column if mix of numbers and strings" file="./spec/model/column_spec.rb" time="0.000104"></testcase>
<testcase classname="spec.model.column_spec" name="Column should report as numeric column if all number strings" file="./spec/model/column_spec.rb" time="0.000261"></testcase>
<testcase classname="spec.model.column_spec" name="Column should report as numeric column if all strings start with number" file="./spec/model/column_spec.rb" time="0.000065"></testcase>
<testcase classname="spec.model.column_spec" name="Column should report as equal" file="./spec/model/column_spec.rb" time="0.000375"></testcase>
<testcase classname="spec.model.column_spec" name="Column should not report as equal" file="./spec/model/column_spec.rb" time="0.000089"></testcase>
<testcase classname="spec.model.column_spec" name="Column getting values should return numeric values if all number strings" file="./spec/model/column_spec.rb" time="0.001441"></testcase>
<testcase classname="spec.model.column_spec" name="Column getting values should return numeric values if all strings start with number" file="./spec/model/column_spec.rb" time="0.000133"></testcase>
<testcase classname="spec.model.table_spec" name="Table creating converts arrays into columns" file="./spec/model/table_spec.rb" time="0.000287"></testcase>
<testcase classname="spec.model.table_spec" name="Table finding numeric column returns first one" file="./spec/model/table_spec.rb" time="0.000562"></testcase>
<testcase classname="spec.model.table_spec" name="Table finding numeric column should raise error if none" file="./spec/model/table_spec.rb" time="0.001301"></testcase>
<testcase classname="spec.parse.html_parser_spec" name="HtmlParser successful request hast table should get first table from body" file="./spec/parse/html_parser_spec.rb" time="0.001408"></testcase>
<testcase classname="spec.parse.html_parser_spec" name="HtmlParser successful request hast table should get rows from table" file="./spec/parse/html_parser_spec.rb" time="0.001137"></testcase>
<testcase classname="spec.parse.html_parser_spec" name="HtmlParser successful request hast table should get columns from table" file="./spec/parse/html_parser_spec.rb" time="0.000946"></testcase>
<testcase classname="spec.parse.html_parser_spec" name="HtmlParser successful request no table should raise error" file="./spec/parse/html_parser_spec.rb" time="0.000977"></testcase>
<testcase classname="spec.parse.html_parser_spec" name="HtmlParser unsuccessful request should raise error" file="./spec/parse/html_parser_spec.rb" time="0.000956"></testcase>
</testsuite>
